[14:33:57] [main/INFO]: Loading Minecraft 1.20.4 with Fabric Loader 0.16.14
[14:33:58] [main/WARN]: Warnings were found!
 - Mod 'TPS Hud' (tpshud) 1.7.0+1.20.3 recommends version 4.0.0 or later of modmenu, which is missing!
	 - You should install version 4.0.0 or later of modmenu for the optimal experience.
 - Mod 'TPS Hud' (tpshud) 1.7.0+1.20.3 recommends any version of yet-another-config-lib, which is missing!
	 - You should install any version of yet-another-config-lib for the optimal experience.
[14:33:58] [main/INFO]: Loading 95 mods:
	- c2me 0.2.0+alpha.11.72
	   |-- c2me-base 0.2.0+alpha.11.72
	   |-- c2me-client-uncapvd 0.2.0+alpha.11.72
	   |-- c2me-fixes-chunkio-threading-issues 0.2.0+alpha.11.72
	   |-- c2me-fixes-general-threading-issues 0.2.0+alpha.11.72
	   |-- c2me-fixes-worldgen-threading-issues 0.2.0+alpha.11.72
	   |-- c2me-fixes-worldgen-vanilla-bugs 0.2.0+alpha.11.72
	   |-- c2me-notickvd 0.2.0+alpha.11.72
	   |-- c2me-opts-allocs 0.2.0+alpha.11.72
	   |-- c2me-opts-chunk-access 0.2.0+alpha.11.72
	   |-- c2me-opts-chunkio 0.2.0+alpha.11.72
	   |-- c2me-opts-math 0.2.0+alpha.11.72
	   |-- c2me-opts-scheduling 0.2.0+alpha.11.72
	   |-- c2me-opts-worldgen-general 0.2.0+alpha.11.72
	   |-- c2me-opts-worldgen-vanilla 0.2.0+alpha.11.72
	   |-- c2me-rewrites-chunk-serializer 0.2.0+alpha.11.72
	   |-- c2me-rewrites-chunkio 0.2.0+alpha.11.72
	   |-- c2me-server-utils 0.2.0+alpha.11.72
	   |-- c2me-threading-chunkio 0.2.0+alpha.11.72
	   |-- c2me-threading-lighting 0.2.0+alpha.11.72
	   |-- c2me-threading-worldgen 0.2.0+alpha.11.72
	   |-- com_electronwill_night-config_core 3.6.5
	   |-- com_electronwill_night-config_toml 3.6.5
	   |-- com_ibm_async_asyncutil 0.1.0
	   |-- net_objecthunter_exp4j 0.4.8
	   \-- org_threadly_threadly 7.0
	- carpet 1.4.128+v231205
	- chunky 1.3.146
	- fabric-api 0.97.3+1.20.4
	   |-- fabric-api-base 0.4.37+78d798af4f
	   |-- fabric-api-lookup-api-v1 1.6.50+82b1bb3e4f
	   |-- fabric-biome-api-v1 13.0.17+78d798af4f
	   |-- fabric-block-api-v1 1.0.17+3e2216cb4f
	   |-- fabric-block-view-api-v2 1.0.5+78d798af4f
	   |-- fabric-blockrenderlayer-v1 1.1.47+78d798af4f
	   |-- fabric-client-tags-api-v1 1.1.8+78d798af4f
	   |-- fabric-command-api-v1 1.2.42+f71b366f4f
	   |-- fabric-command-api-v2 2.2.21+78d798af4f
	   |-- fabric-commands-v0 0.2.59+df3654b34f
	   |-- fabric-containers-v0 0.1.88+df3654b34f
	   |-- fabric-content-registries-v0 5.0.16+78d798af4f
	   |-- fabric-convention-tags-v1 1.5.11+78d798af4f
	   |-- fabric-crash-report-info-v1 0.2.24+78d798af4f
	   |-- fabric-data-attachment-api-v1 1.1.5+b90db5744f
	   |-- fabric-data-generation-api-v1 13.2.6+5c0133444f
	   |-- fabric-dimensions-v1 2.1.63+6605d1a84f
	   |-- fabric-entity-events-v1 1.6.2+09fc25014f
	   |-- fabric-events-interaction-v0 0.7.2+389931eb4f
	   |-- fabric-events-lifecycle-v0 0.2.76+df3654b34f
	   |-- fabric-game-rule-api-v1 1.0.47+78d798af4f
	   |-- fabric-item-api-v1 2.3.1+cadc140c4f
	   |-- fabric-item-group-api-v1 4.0.27+ee30b13a4f
	   |-- fabric-key-binding-api-v1 1.0.42+78d798af4f
	   |-- fabric-keybindings-v0 0.2.40+df3654b34f
	   |-- fabric-lifecycle-events-v1 2.3.1+a67ffb5d4f
	   |-- fabric-loot-api-v2 2.1.10+78d798af4f
	   |-- fabric-message-api-v1 6.0.6+78d798af4f
	   |-- fabric-mining-level-api-v1 2.1.66+78d798af4f
	   |-- fabric-model-loading-api-v1 1.0.9+78d798af4f
	   |-- fabric-models-v0 0.4.8+9386d8a74f
	   |-- fabric-networking-api-v1 3.1.9+6abb6a4b4f
	   |-- fabric-object-builder-api-v1 13.1.0+dba1195c4f
	   |-- fabric-particles-v1 1.1.8+78d798af4f
	   |-- fabric-recipe-api-v1 2.0.22+78d798af4f
	   |-- fabric-registry-sync-v0 4.0.21+ee30b13a4f
	   |-- fabric-renderer-api-v1 3.2.5+78d798af4f
	   |-- fabric-renderer-indigo 1.5.6+d331d3144f
	   |-- fabric-renderer-registries-v1 3.2.54+df3654b34f
	   |-- fabric-rendering-data-attachment-v1 0.3.43+73761d2e4f
	   |-- fabric-rendering-fluids-v1 3.1.2+e761c6694f
	   |-- fabric-rendering-v0 1.1.57+df3654b34f
	   |-- fabric-rendering-v1 3.2.1+6fd945a04f
	   |-- fabric-resource-conditions-api-v1 2.3.15+78d798af4f
	   |-- fabric-resource-loader-v0 0.11.21+ee30b13a4f
	   |-- fabric-screen-api-v1 2.0.18+78d798af4f
	   |-- fabric-screen-handler-api-v1 1.3.57+78d798af4f
	   |-- fabric-sound-api-v1 1.0.18+78d798af4f
	   |-- fabric-transfer-api-v1 4.0.12+90f2d7b14f
	   \-- fabric-transitive-access-wideners-v1 5.0.15+78d798af4f
	- fabric-language-kotlin 1.13.3+kotlin.2.1.21
	   |-- org_jetbrains_kotlin_kotlin-reflect 2.1.21
	   |-- org_jetbrains_kotlin_kotlin-stdlib 2.1.21
	   |-- org_jetbrains_kotlin_kotlin-stdlib-jdk7 2.1.21
	   |-- org_jetbrains_kotlin_kotlin-stdlib-jdk8 2.1.21
	   |-- org_jetbrains_kotlinx_atomicfu-jvm 0.27.0
	   |-- org_jetbrains_kotlinx_kotlinx-coroutines-core-jvm 1.10.2
	   |-- org_jetbrains_kotlinx_kotlinx-coroutines-jdk8 1.10.2
	   |-- org_jetbrains_kotlinx_kotlinx-datetime-jvm 0.6.2
	   |-- org_jetbrains_kotlinx_kotlinx-io-bytestring-jvm 0.7.0
	   |-- org_jetbrains_kotlinx_kotlinx-io-core-jvm 0.7.0
	   |-- org_jetbrains_kotlinx_kotlinx-serialization-cbor-jvm 1.8.1
	   |-- org_jetbrains_kotlinx_kotlinx-serialization-core-jvm 1.8.1
	   \-- org_jetbrains_kotlinx_kotlinx-serialization-json-jvm 1.8.1
	- fabricloader 0.16.14
	   \-- mixinextras 0.4.1
	- java 21
	- lithium 0.12.1
	- minecraft 1.20.4
	- servercore 1.5.0+1.20.4
	   |-- fabric-permissions-api-v0 0.3-SNAPSHOT
	   |-- org_yaml_snakeyaml 2.2
	   |-- placeholder-api 2.3.0+1.20.3
	   |-- space_arim_dazzleconf_dazzleconf-core 1.3.0-M2
	   \-- space_arim_dazzleconf_dazzleconf-ext-snakeyaml 1.3.0-M2
	- skinrestorer 2.3.5+1.20.3-fabric
	   \-- org_mineskin_java-client 3.0.6-SNAPSHOT
	- spark 1.10.58
	- tpshud 1.7.0+1.20.3
	   \-- me_obsilabor_alert 1.0.8
[14:33:58] [main/INFO]: SpongePowered MIXIN Subsystem Version=0.8.7 Source=file:/workspaces/server/libraries/net/fabricmc/sponge-mixin/0.15.5+mixin.0.8.7/sponge-mixin-0.15.5+mixin.0.8.7.jar Service=Knot/Fabric Env=SERVER
[14:33:58] [main/INFO]: Compatibility level set to JAVA_16
[14:33:58] [main/INFO]: Compatibility level set to JAVA_17
[14:33:59] [main/INFO]: Initializing com.ishland.c2me.base.mixin
[14:33:59] [main/INFO]: Global Executor Parallelism: 1 configured, 1 evaluated, 1 default evaluated
[14:33:59] [main/INFO]: Initializing com.ishland.c2me.fixes.chunkio.threading_issues.mixin
[14:33:59] [main/INFO]: Initializing com.ishland.c2me.fixes.general.threading_issues.mixin
[14:33:59] [main/INFO]: Initializing com.ishland.c2me.fixes.worldgen.threading_issues.mixin
[14:33:59] [main/INFO]: Initializing com.ishland.c2me.fixes.worldgen.vanilla_bugs.mixin
[14:33:59] [main/INFO]: Initializing com.ishland.c2me.notickvd.mixin
[14:33:59] [main/INFO]: Initializing com.ishland.c2me.opts.allocs.mixin
[14:33:59] [main/INFO]: Initializing com.ishland.c2me.opts.chunk_access.mixin
[14:33:59] [main/INFO]: Initializing com.ishland.c2me.opts.chunkio.mixin
[14:33:59] [main/INFO]: Initializing com.ishland.c2me.opts.math.mixin
[14:33:59] [main/INFO]: Initializing com.ishland.c2me.opts.scheduling.mixin
[14:33:59] [main/INFO]: Initializing com.ishland.c2me.opts.worldgen.general.mixin
[14:33:59] [main/INFO]: Initializing com.ishland.c2me.opts.worldgen.vanilla.mixin
[14:33:59] [main/INFO]: Initializing com.ishland.c2me.rewrites.chunk_serializer.mixin
[14:33:59] [main/INFO]: Disabling com.ishland.c2me.rewrites.chunk_serializer.mixin
[14:33:59] [main/INFO]: Initializing com.ishland.c2me.rewrites.chunkio.mixin
[14:33:59] [main/INFO]: Disabling com.ishland.c2me.rewrites.chunkio.mixin
[14:33:59] [main/INFO]: Initializing com.ishland.c2me.server.utils.mixin
[14:33:59] [main/INFO]: Initializing com.ishland.c2me.threading.chunkio.mixin
[14:33:59] [main/INFO]: Initializing com.ishland.c2me.threading.lighting.mixin
[14:33:59] [main/INFO]: Initializing com.ishland.c2me.threading.worldgen.mixin
[14:33:59] [main/INFO]: Disabling com.ishland.c2me.threading.worldgen.mixin
[14:33:59] [main/WARN]: Mod 'c2me' attempted to override option 'mixin.world.player_chunk_tick', which doesn't exist, ignoring
[14:33:59] [main/INFO]: Loaded configuration file for Lithium: 129 options available, 1 override(s) found
[14:34:00] [main/WARN]: Error loading class: ca/spottedleaf/starlight/common/thread/SchedulingUtil (java.lang.ClassNotFoundException: ca/spottedleaf/starlight/common/thread/SchedulingUtil)
[14:34:01] [main/WARN]: Force-disabling mixin 'alloc.chunk_ticking.ServerChunkManagerMixin' as rule 'mixin.alloc.chunk_ticking' (added by mods [servercore]) disables it and children
[14:34:02] [main/INFO]: Initializing MixinExtras via com.llamalad7.mixinextras.service.MixinExtrasServiceImpl(version=0.4.1).
[14:34:14] [main/INFO]: [ServerCore] Loaded V1.5.0+1.20.4!
[14:34:15] [main/INFO]: Environment: Environment[sessionHost=https://sessionserver.mojang.com, servicesHost=https://api.minecraftservices.com, name=PROD]
[14:34:15] [main/WARN]: Missing metadata in pack file/VanillaTweaks_d815585_UNZIP_ME.zip
[14:34:18] [main/INFO]: Loaded 7 recipes
[14:34:19] [main/INFO]: Loaded 1290 advancements
[14:34:19] [main/INFO]: Applied 0 biome modifications to 0 of 64 new biomes in 1.655 ms
[14:34:20] [Server thread/INFO]: Starting background profiler...
[14:34:20] [Server thread/INFO]: Starting minecraft server version 1.20.4
[14:34:20] [Server thread/INFO]: Loading properties
[14:34:20] [Server thread/INFO]: Default game type: SURVIVAL
[14:34:20] [Server thread/INFO]: Generating keypair
[14:34:21] [Server thread/INFO]: Starting Minecraft server on *:25565
[14:34:21] [Server thread/INFO]: Using epoll channel type
[14:34:21] [Server thread/WARN]: **** SERVER IS RUNNING IN OFFLINE/INSECURE MODE!
[14:34:21] [Server thread/WARN]: The server will make no attempt to authenticate usernames. Beware.
[14:34:21] [Server thread/WARN]: While this makes the game possible to play without internet access, it also opens up the ability for hackers to connect with any username they choose.
[14:34:21] [Server thread/WARN]: To change this, set "online-mode" to "true" in the server.properties file.
[14:34:21] [Server thread/INFO]: Preparing level "world"
[14:34:21] [Server thread/INFO]: Enforcing safe world random access
[14:34:27] [Server thread/INFO]: Preparing start region for dimension minecraft:overworld
[14:34:28] [Worker-Main-1/INFO]: Preparing spawn area: 0%
[14:34:28] [Server thread/INFO]: Preparing spawn area: 0%
[14:34:28] [Worker-Main-1/INFO]: Preparing spawn area: 0%
[14:34:29] [Worker-Main-1/INFO]: Preparing spawn area: 0%
[14:34:29] [Worker-Main-1/INFO]: Preparing spawn area: 0%
[14:34:30] [Worker-Main-1/INFO]: Preparing spawn area: 0%
[14:34:30] [Worker-Main-1/INFO]: Preparing spawn area: 0%
[14:34:31] [Server thread/INFO]: Preparing spawn area: 0%
[14:34:31] [Worker-Main-1/INFO]: Preparing spawn area: 0%
[14:34:32] [Worker-Main-1/INFO]: Preparing spawn area: 13%
[14:34:32] [Worker-Main-1/INFO]: Preparing spawn area: 23%
[14:34:33] [Worker-Main-1/INFO]: Preparing spawn area: 35%
[14:34:33] [Worker-Main-1/INFO]: Preparing spawn area: 43%
[14:34:34] [Worker-Main-1/INFO]: Preparing spawn area: 54%
[14:34:34] [Worker-Main-1/INFO]: Preparing spawn area: 58%
[14:34:35] [Worker-Main-1/INFO]: Preparing spawn area: 60%
[14:34:35] [Server thread/INFO]: Time elapsed: 7731 ms
[14:34:35] [Server thread/INFO]: Done (14.175s)! For help, type "help"
[14:36:35] [Thread-10/WARN]: Failed to fetch skin: no profile with uuid e4632f8c-51ef-3d5d-a204-9801251254e0
[14:36:36] [Server thread/INFO]: Blub_14[/[0:0:0:0:0:0:0:1%0]:40292] logged in with entity id 241 at (180.82209407871647, 68.0, 243.87184054644695)
[14:36:36] [Server thread/INFO]: Blub_14 joined the game
[14:43:11] [Server thread/INFO]: Blub_14 lost connection: Disconnected
[14:43:11] [Server thread/INFO]: Blub_14 left the game
[14:43:59] [Server thread/INFO]: 3amora[/[0:0:0:0:0:0:0:1%0]:35706] logged in with entity id 1149 at (87.5, 64.0, 104.5)
[14:43:59] [Server thread/INFO]: 3amora joined the game
[14:44:22] [Thread-12/WARN]: Failed to fetch skin: no profile with uuid e4632f8c-51ef-3d5d-a204-9801251254e0
[14:44:23] [Server thread/INFO]: Blub_14[/[0:0:0:0:0:0:0:1%0]:57390] logged in with entity id 1422 at (180.82209407871647, 68.0, 243.87184054644695)
[14:44:23] [Server thread/INFO]: Blub_14 joined the game
[14:48:35] [Server thread/INFO]: 3amora has made the advancement [Cover Me with Diamonds]
[14:53:31] [Server thread/INFO]: 3amora has made the advancement [What a Deal!]
[14:55:05] [Server thread/WARN]: Can't keep up! Is the server overloaded? Running 2225ms or 44 ticks behind
[14:55:59] [Server thread/WARN]: Can't keep up! Is the server overloaded? Running 2066ms or 41 ticks behind
[14:56:33] [Server thread/INFO]: 3amora has made the advancement [Sweet Dreams]
[15:01:46] [Server thread/WARN]: Can't keep up! Is the server overloaded? Running 2408ms or 48 ticks behind
[15:03:16] [Server thread/INFO]: 3amora lost connection: Timed out
[15:03:16] [Server thread/INFO]: 3amora left the game
[15:03:16] [Server thread/WARN]: handleDisconnection() called twice
[15:06:11] [Server thread/INFO]: 3amora[/[0:0:0:0:0:0:0:1%0]:49832] logged in with entity id 12022 at (276.30000001192093, 60.0, 263.69999998807907)
[15:06:11] [Server thread/INFO]: 3amora joined the game
[15:12:18] [Server thread/INFO]: 3amora was slain by Zombie Villager
[15:14:24] [Server thread/INFO]: 3amora has made the advancement [Monster Hunter]
[15:15:26] [Server thread/INFO]: 3amora drowned while trying to escape Drowned
[15:19:57] [Server thread/INFO]: 3amora lost connection: Timed out
[15:19:57] [Server thread/INFO]: 3amora left the game
[16:05:57] [Server thread/INFO]: Blub_14 lost connection: Disconnected
[16:05:57] [Server thread/INFO]: Blub_14 left the game
[17:35:09] [Server thread/INFO]: Unknown or incomplete command, see below for error
[17:35:09] [Server thread/INFO]: 7.tcp.eu.ngrok.io:17513<--[HERE]
[17:35:28] [Server thread/INFO]: Stopping the server
[17:35:28] [Server thread/INFO]: Stopping server
[17:35:29] [Server thread/INFO]: Saving players
[17:35:29] [Server thread/INFO]: Saving worlds
[17:35:29] [Server thread/INFO]: Saving chunks for level 'ServerLevel[world]'/minecraft:overworld
[17:35:29] [Server thread/INFO]: Saving chunks for level 'ServerLevel[world]'/minecraft:the_nether
[17:35:29] [Server thread/INFO]: Saving chunks for level 'ServerLevel[world]'/minecraft:the_end
[17:35:29] [Server thread/INFO]: ThreadedAnvilChunkStorage (world): All chunks are saved
[17:35:29] [Server thread/INFO]: ThreadedAnvilChunkStorage (DIM-1): All chunks are saved
[17:35:29] [Server thread/INFO]: ThreadedAnvilChunkStorage (DIM1): All chunks are saved
[17:35:29] [Server thread/INFO]: ThreadedAnvilChunkStorage: All dimensions are saved
